#testing the add function
>>> add_integer = __import__('0-add_integer').add_integer
>>> add_integer(2,30)
32
>>> add_integer("a" ,3)
Traceback (most recent call last):
...
TypeError: a must be an integer
>>> add_integer(3, "b")
Traceback (most recent call last):
...
TypeError: b must be an integer
>>> add_integer(None)
Traceback (most recent call last):
...
TypeError: a must be an integer
>>> add_integer(12.1, 3)
15
>>> add_integer(2, 23.1)
25
>>> add_integer(-2, -2)
-4
>>> add_integer(-1, 3)
2
